// Vitest Snapshot v1, https://vitest.dev/guide/snapshot.html

exports[`DeviceTable > renders classification tiers 1`] = `
<table
  class="min-w-full text-[12px] md:text-xs relative"
  data-v-d8f52e11=""
>
  <thead
    class="bg-gray-200/60 text-gray-700"
    data-v-d8f52e11=""
  >
    <tr
      data-v-d8f52e11=""
    >
      <th
        class="px-3 py-2 text-left font-semibold"
        data-v-d8f52e11=""
      >
        Serial
      </th>
      <th
        class="px-3 py-2 text-left font-semibold"
        data-v-d8f52e11=""
      >
        Avg Daily Drain
      </th>
      <th
        class="px-3 py-2 text-left font-semibold"
        data-v-d8f52e11=""
      >
        Status
      </th>
      <th
        class="px-3 py-2 text-left font-semibold"
        data-v-d8f52e11=""
      >
        Intervals
      </th>
    </tr>
  </thead>
  <tbody
    data-v-d8f52e11=""
  >
    
    <tr
      aria-describedby="tooltip-A"
      class="odd:bg-white even:bg-gray-50/60 hover:bg-indigo-50/60 transition-colors relative cursor-help"
      data-v-d8f52e11=""
      tabindex="0"
    >
      <td
        class="px-3 py-1.5 font-mono text-[11px] tracking-tight text-gray-800"
        data-v-d8f52e11=""
      >
        A
      </td>
      <td
        class="px-3 py-1.5"
        data-v-d8f52e11=""
      >
        <span
          class="text-gray-800"
          data-v-d8f52e11=""
        >
          10.0%
        </span>
      </td>
      <td
        class="px-3 py-1.5"
        data-v-d8f52e11=""
      >
        <span
          class="inline-flex rounded-md px-2 py-0.5 text-[11px] ring-1 ring-inset bg-emerald-100 text-emerald-700 ring-emerald-600/20 font-medium"
          data-v-d8f52e11=""
        >
          Healthy
        </span>
      </td>
      <td
        class="px-3 py-1.5 text-gray-700"
        data-v-d8f52e11=""
      >
        0
      </td>
      <transition-stub
        appear="false"
        css="true"
        data-v-d8f52e11=""
        name="fade"
        persisted="false"
      >
        <!--v-if-->
      </transition-stub>
    </tr>
    <tr
      aria-describedby="tooltip-B"
      class="odd:bg-white even:bg-gray-50/60 hover:bg-indigo-50/60 transition-colors relative cursor-help"
      data-v-d8f52e11=""
      tabindex="0"
    >
      <td
        class="px-3 py-1.5 font-mono text-[11px] tracking-tight text-gray-800"
        data-v-d8f52e11=""
      >
        B
      </td>
      <td
        class="px-3 py-1.5"
        data-v-d8f52e11=""
      >
        <span
          class="text-gray-800"
          data-v-d8f52e11=""
        >
          25.0%
        </span>
      </td>
      <td
        class="px-3 py-1.5"
        data-v-d8f52e11=""
      >
        <span
          class="inline-flex rounded-md px-2 py-0.5 text-[11px] ring-1 ring-inset bg-amber-100 text-amber-700 ring-amber-600/30 font-medium"
          data-v-d8f52e11=""
        >
          Warning
        </span>
      </td>
      <td
        class="px-3 py-1.5 text-gray-700"
        data-v-d8f52e11=""
      >
        0
      </td>
      <transition-stub
        appear="false"
        css="true"
        data-v-d8f52e11=""
        name="fade"
        persisted="false"
      >
        <!--v-if-->
      </transition-stub>
    </tr>
    <tr
      aria-describedby="tooltip-C"
      class="odd:bg-white even:bg-gray-50/60 hover:bg-indigo-50/60 transition-colors relative cursor-help"
      data-v-d8f52e11=""
      tabindex="0"
    >
      <td
        class="px-3 py-1.5 font-mono text-[11px] tracking-tight text-gray-800"
        data-v-d8f52e11=""
      >
        C
      </td>
      <td
        class="px-3 py-1.5"
        data-v-d8f52e11=""
      >
        <span
          class="font-semibold text-red-700"
          data-v-d8f52e11=""
        >
          30.0%
        </span>
      </td>
      <td
        class="px-3 py-1.5"
        data-v-d8f52e11=""
      >
        <span
          class="inline-flex rounded-md px-2 py-0.5 text-[11px] ring-1 ring-inset bg-red-100 text-red-700 ring-red-600/25 font-semibold"
          data-v-d8f52e11=""
        >
          Critical
        </span>
      </td>
      <td
        class="px-3 py-1.5 text-gray-700"
        data-v-d8f52e11=""
      >
        0
      </td>
      <transition-stub
        appear="false"
        css="true"
        data-v-d8f52e11=""
        name="fade"
        persisted="false"
      >
        <!--v-if-->
      </transition-stub>
    </tr>
    <tr
      aria-describedby="tooltip-D"
      class="odd:bg-white even:bg-gray-50/60 hover:bg-indigo-50/60 transition-colors relative cursor-help"
      data-v-d8f52e11=""
      tabindex="0"
    >
      <td
        class="px-3 py-1.5 font-mono text-[11px] tracking-tight text-gray-800"
        data-v-d8f52e11=""
      >
        D
      </td>
      <td
        class="px-3 py-1.5"
        data-v-d8f52e11=""
      >
        <span
          class="text-gray-500"
          data-v-d8f52e11=""
        >
          â€”
        </span>
      </td>
      <td
        class="px-3 py-1.5"
        data-v-d8f52e11=""
      >
        <span
          class="inline-flex rounded-md bg-gray-100 px-2 py-0.5 text-[11px] font-medium text-gray-600 ring-1 ring-inset ring-gray-300"
          data-v-d8f52e11=""
        >
          Unknown
        </span>
      </td>
      <td
        class="px-3 py-1.5 text-gray-700"
        data-v-d8f52e11=""
      >
        0
      </td>
      <transition-stub
        appear="false"
        css="true"
        data-v-d8f52e11=""
        name="fade"
        persisted="false"
      >
        <!--v-if-->
      </transition-stub>
    </tr>
    
  </tbody>
</table>
`;
